// Jest Snapshot v1, https://goo.gl/fbAQLP

exports[`Options Alert component Options Alert snapshot test 1`] = `
<Component
  hardwareAccelerated={false}
  onRequestClose={[Function]}
  transparent={true}
  visible={true}
>
  <Styled(Component)
    onPress={[Function]}
  >
    <Connect(WithTheme(Styled(Component)))>
      <Styled(Button)
        key="Passport"
        middle="Passport"
        onClick={[MockFunction]}
        type="confirmation_primary"
      />
      <Styled(Button)
        key="Cancel"
        middle="Cancel"
        onClick={[MockFunction]}
        type="confirmation_cancel"
      />
    </Connect(WithTheme(Styled(Component)))>
  </Styled(Component)>
</Component>
`;
