// Jest Snapshot v1, https://goo.gl/fbAQLP

exports[`Confirmation Alert component Confirmation Alert snapshot test on - ios 1`] = `
<Component
  hardwareAccelerated={false}
  onRequestClose={[Function]}
  transparent={true}
  visible={true}
>
  <Styled(Component)
    onPress={[Function]}
  >
    <Connect(WithTheme(Styled(Component)))>
      <Button
        globaltheme="light"
        left={null}
        middle="Remove Pending Request"
        onClick={[Function]}
        right={null}
        type="confirmation_danger"
      />
      <Button
        globaltheme="light"
        left={null}
        middle="Cancel"
        onClick={[Function]}
        right={null}
        type="confirmation_cancel"
      />
    </Connect(WithTheme(Styled(Component)))>
  </Styled(Component)>
</Component>
`;
