// Jest Snapshot v1, https://goo.gl/fbAQLP

exports[`Password Reset page contains correct snapshot on web 1`] = `
Object {
  "forgot": Object {
    "header": "Forgot your password?",
    "properties": Object {
      "info": Object {
        "align": "left",
        "autoFocus": true,
        "title": "Enter your email to find your account",
        "type": "string",
        "uiComponent": "text",
      },
      "valueOne": Object {
        "title": "Email address",
        "type": "string",
        "validations": Array [
          [Function],
          [Function],
        ],
      },
    },
    "type": "object",
  },
  "reset": Object {
    "header": "Change your password",
    "properties": Object {
      "confirmPassword": Object {
        "const": Object {
          "$data": "1/password",
        },
        "title": "Confirm Password",
        "type": "string",
        "uiComponent": "password",
        "validations": Array [
          [Function],
        ],
      },
      "info": Object {
        "align": "left",
        "title": "Your password must include one symbol and be 8 or more characters long",
        "type": "string",
        "uiComponent": "text",
      },
      "valueOne": Object {
        "title": "New Password",
        "type": "string",
        "uiComponent": "password",
        "validations": Array [
          [Function],
          [Function],
          [Function],
        ],
      },
    },
    "type": "object",
  },
}
`;
